package a

import "context"

// Callee should accept ctx and propagate.
func Callee(ctx context.Context) {}
