package main

import (
	"context"
	"example.com/e2e/a"
)

// main is the boundary; comment should stay here.
func main() {
	ctx := context.Background()
	a.Caller(ctx)
}
